crates\forge-codec\src\encoder.rs:52:16: warning: unused variable: `cfg`: help: if this is intentional, prefix it with an underscore: `_cfg`
warning: `polaris-forge-codec` (lib) generated 1 warning (run `cargo fix --lib -p polaris-forge-codec` to apply 1 suggestion)
   Compiling polaris-app v1.6.1 (D:\polaris\polaris-app\src-tauri)
warning: variable does not need to be mutable
    --> src\kb.rs:2877:9
     |
2877 |     let mut push = |issues: &mut Vec<KbLintIssue>, kind: &str, path: &str, detail: String| {
     |         ----^^^^
     |         |
     |         help: remove this `mut`
     |
     = note: `#[warn(unused_mut)]` (part of `#[warn(unused)]`) on by default

warning: function `synth_windows_sapi` is never used
   --> src\forge_tts.rs:257:4
    |
257 | fn synth_windows_sapi(_text: &str, out_mp3: &str) -> Result<Value, String> {
    |    ^^^^^^^^^^^^^^^^^^
    |
    = note: `#[warn(dead_code)]` (part of `#[warn(unused)]`) on by default

warning: `polaris-app` (lib) generated 2 warnings (run `cargo fix --lib -p polaris-app` to apply 1 suggestion)
    Finished `dev` profile [unoptimized + debuginfo] target(s) in 20.05s
