   Compiling bytemuck v1.25.0
   Compiling simd-adler32 v0.3.9
   Compiling ahash v0.8.12
   Compiling vcpkg v0.2.15
   Compiling quick-error v2.0.1
   Compiling color_quant v1.1.0
   Compiling pinyin v0.10.0
   Compiling zune-core v0.5.1
   Compiling pxfm v0.1.29
   Compiling byteorder-lite v0.1.0
   Compiling polaris-app v1.3.1 (D:\polaris\_pdocker\src-tauri)
   Compiling include_dir_macros v0.7.4
   Compiling fallible-iterator v0.3.0
   Compiling fallible-streaming-iterator v0.1.9
   Compiling miniz_oxide v0.8.9
   Compiling symphonia-core v0.6.0
   Compiling safe_arch v0.7.4
   Compiling zopfli v0.8.3
   Compiling fdeflate v0.3.7
   Compiling image-webp v0.2.4
   Compiling zune-jpeg v0.5.15
   Compiling gif v0.14.2
   Compiling flate2 v1.1.9
   Compiling hashbrown v0.14.5
   Compiling wide v0.7.33
   Compiling zip v7.2.0
   Compiling hashlink v0.9.1
   Compiling lopdf v0.38.0
   Compiling symphonia-metadata v0.6.0
   Compiling symphonia-bundle-mp3 v0.6.0
   Compiling symphonia-codec-adpcm v0.6.0
   Compiling symphonia-codec-pcm v0.6.0
   Compiling symphonia-common v0.6.0
   Compiling symphonia-format-riff v0.6.0
   Compiling openh264 v0.9.3
   Compiling symphonia-codec-alac v0.6.0
   Compiling libsqlite3-sys v0.30.1
   Compiling symphonia-bundle-flac v0.6.0
   Compiling symphonia-codec-vorbis v0.6.0
   Compiling symphonia-codec-aac v0.6.0
   Compiling symphonia-format-mkv v0.6.0
   Compiling symphonia-format-ogg v0.6.0
   Compiling moxcms v0.8.1
   Compiling png v0.18.1
   Compiling symphonia v0.6.0
   Compiling image v0.25.10
   Compiling polaris-forge-codec v0.1.0 (D:\polaris\_pdocker\src-tauri\crates\forge-codec)
   Compiling pdf-extract v0.10.0
   Compiling calamine v0.35.0
   Compiling include_dir v0.7.4
   Compiling zip v8.6.0
   Compiling ureq v2.12.1
warning: unused variable: `cfg`
  --> crates\forge-codec\src\encoder.rs:52:16
   |
52 |     pub fn new(cfg: EncodeConfig) -> Result<Self> {
   |                ^^^ help: if this is intentional, prefix it with an underscore: `_cfg`
   |
   = note: `#[warn(unused_variables)]` (part of `#[warn(unused)]`) on by default

   Compiling windows-sys v0.59.0
   Compiling chrono v0.4.44
warning: `polaris-forge-codec` (lib) generated 1 warning (run `cargo fix --lib -p polaris-forge-codec` to apply 1 suggestion)
   Compiling rusqlite v0.32.1
warning: variable does not need to be mutable
    --> src\kb.rs:2788:9
     |
2788 |     let mut push = |issues: &mut Vec<KbLintIssue>, kind: &str, path: &str, detail: String| {
     |         ----^^^^
     |         |
     |         help: remove this `mut`
     |
     = note: `#[warn(unused_mut)]` (part of `#[warn(unused)]`) on by default

warning: function `synth_windows_sapi` is never used
   --> src\forge_tts.rs:254:4
    |
254 | fn synth_windows_sapi(_text: &str, out_mp3: &str) -> Result<Value, String> {
    |    ^^^^^^^^^^^^^^^^^^
    |
    = note: `#[warn(dead_code)]` (part of `#[warn(unused)]`) on by default

warning: constant `CODE_EXTS` is never used
   --> src\fable\inventory.rs:114:18
    |
114 | pub(crate) const CODE_EXTS: &[&str] = &[
    |                  ^^^^^^^^^

warning: function `exts_for_lang` is never used
   --> src\fable\inventory.rs:124:15
    |
124 | pub(crate) fn exts_for_lang(label: &str) -> Vec<&'static str> {
    |               ^^^^^^^^^^^^^

warning: function `kind_for_media_lang` is never used
   --> src\fable\inventory.rs:129:15
    |
129 | pub(crate) fn kind_for_media_lang(label: &str) -> Option<&'static str> {
    |               ^^^^^^^^^^^^^^^^^^^

warning: `polaris-app` (lib) generated 5 warnings (run `cargo fix --lib -p polaris-app` to apply 1 suggestion)
    Finished `release-fast` profile [optimized] target(s) in 1m 09s
