cargo :     Checking windows-sys v0.61.2
所在位置 行:1 字符: 48
+ ... polaris-app\src-tauri; cargo check --features collab-net 2>&1 | Out-F ...
+                            ~~~~~~~~~~~~~~~~~~~~~~~~~~~~~~~~~~~~~~
    + CategoryInfo          : NotSpecified: (    Checking windows-sys v0.61.2:String) [], RemoteException
    + FullyQualifiedErrorId : NativeCommandError
 
   Compiling zeroize_derive v1.5.0
    Checking portable-atomic v1.13.1
   Compiling derive_more-impl v2.1.1
    Checking futures-util v0.3.32
   Compiling plist v1.9.0
   Compiling cargo_toml v0.22.3
    Checking uuid v1.23.1
    Checking ipnet v2.12.0
   Compiling n0-error-macros v1.0.0
   Compiling spez v0.1.2
    Checking windows-core v0.62.2
   Compiling pin-project-internal v1.1.13
    Checking futures-lite v2.6.1
    Checking cfb v0.7.3
    Checking once_cell v1.21.4
   Compiling derive_builder v0.20.2
    Checking serdect v0.4.3
    Checking zeroize v1.9.0
    Checking tracing-core v0.1.36
    Checking wry v0.55.1
    Checking tao v0.35.3
    Checking infer v0.19.0
   Compiling vergen-lib v9.1.0
    Checking n0-error v1.0.0
    Checking prefix-trie v0.8.4
   Compiling curve25519-dalek-derive v0.1.1
   Compiling data-encoding-macro-internal v0.1.18
    Checking tracing v0.1.44
    Checking rustls-pki-types v1.14.1
    Checking cipher v0.4.4
    Checking block-buffer v0.12.0
    Checking der v0.8.0
    Checking pin-project v1.1.13
    Checking windows-future v0.3.2
    Checking aes v0.8.4
    Checking rustls-webpki v0.103.13
    Checking hickory-proto v0.26.1
    Checking digest v0.11.3
    Checking ctr v0.9.2
   Compiling vergen v9.1.0
    Checking sha2 v0.11.0
    Checking curve25519-dalek v5.0.0-rc.0
    Checking windows-collections v0.3.2
    Checking windows-numerics v0.3.1
    Checking moka v0.12.15
    Checking rustls v0.23.40
    Checking aes-gcm v0.10.3
   Compiling vergen-gitcl v9.1.0
    Checking futures-executor v0.3.32
    Checking spki v0.8.0
   Compiling num_enum_derive v0.7.6
    Checking futures v0.3.32
    Checking data-encoding-macro v0.1.20
    Checking pkcs8 v0.11.0
    Checking windows v0.62.2
    Checking webpki-roots v1.0.7
   Compiling strum_macros v0.28.0
   Compiling iroh-metrics-derive v1.0.1
    Checking ed25519 v3.0.0
    Checking chrono v0.4.44
   Compiling enum-assoc v1.3.0
   Compiling iroh-relay v1.0.1
    Checking ahash v0.8.12
    Checking tungstenite v0.28.0
    Checking attohttpc v0.30.1
    Checking iroh-metrics v1.0.1
    Checking ed25519-dalek v3.0.0-rc.0
    Checking cobs v0.3.0
    Checking num_enum v0.7.6
    Checking simple-dns v0.11.3
   Compiling postcard-derive v0.2.2
    Checking chromiumoxide_pdl v0.9.1
    Checking hashbrown v0.14.5
    Checking tungstenite v0.24.0
    Checking hmac v0.13.0
   Compiling derive_more v2.1.1
    Checking postcard v1.1.3
    Checking cbc v0.1.2
    Checking ecb v0.1.2
    Checking multer v3.1.0
    Checking chromiumoxide_cdp v0.9.1
    Checking pbkdf2 v0.13.0
    Checking webpki-roots v0.26.11
    Checking lopdf v0.38.0
    Checking lzma-rust2 v0.16.3
    Checking strum v0.28.0
    Checking axum-core v0.4.5
    Checking sha1 v0.11.0
    Checking hashlink v0.9.1
    Checking chacha20 v0.9.1
   Compiling selectors v0.36.1
    Checking iroh-base v1.0.1
    Checking noq-proto v1.0.1
    Checking zip v4.6.1
    Checking calamine v0.35.0
    Checking rusqlite v0.32.1
    Checking chacha20poly1305 v0.10.1
    Checking ureq v2.12.1
    Checking zip v8.6.0
   Compiling dom_query v0.27.0
   Compiling tauri-utils v2.9.2
    Checking pdf-extract v0.10.0
    Checking socket2 v0.6.3
    Checking mio v1.2.0
    Checking winapi-util v0.1.11
    Checking dirs-sys v0.5.0
    Checking softbuffer v0.4.8
    Checking muda v0.19.2
    Checking rustls-platform-verifier v0.7.0
    Checking netdev v0.45.0
    Checking tempfile v3.27.0
    Checking seize v0.5.1
    Checking os_pipe v1.2.3
    Checking dirs v6.0.0
    Checking same-file v1.0.6
    Checking papaya v0.2.4
    Checking noq-udp v1.0.1
    Checking ipconfig v0.3.4
    Checking headless_chrome v1.0.21
    Checking tokio v1.52.3
    Checking walkdir v2.5.0
    Checking wmi v0.18.4
    Checking tokio-util v0.7.18
    Checking tokio-rustls v0.26.4
    Checking tower v0.5.3
    Checking backon v1.6.0
    Checking tokio-tungstenite v0.24.0
    Checking async-tungstenite v0.32.1
    Checking polaris-forge-codec v0.1.0 (D:\polaris\polaris-app\src-tauri\crates\forge-codec)
warning: unused variable: `cfg`
  --> crates\forge-codec\src\encoder.rs:52:16
   |
52 |     pub fn new(cfg: EncodeConfig) -> Result<Self> {
   |                ^^^ help: if this is intentional, prefix it with an underscore: `_cfg`
   |
   = note: `#[warn(unused_variables)]` (part of `#[warn(unused)]`) on by default

warning: `polaris-forge-codec` (lib) generated 1 warning (run `cargo fix --lib -p polaris-forge-codec` to apply 1 sugge
stion)
   Compiling tauri-plugin v2.6.2
   Compiling tauri-build v2.6.2
   Compiling tauri-codegen v2.6.2
    Checking h2 v0.4.15
    Checking n0-future v0.3.2
    Checking tower-http v0.6.11
    Checking tokio-stream v0.1.18
    Checking tokio-websockets v0.13.3
    Checking n0-watcher v1.0.0
    Checking tauri-runtime v2.11.2
    Checking noq v1.0.1
    Checking netwatch v0.19.1
    Checking tauri-runtime-wry v2.11.2
   Compiling tauri v2.11.2
   Compiling tauri-macros v2.6.2
   Compiling tauri-plugin-fs v2.5.1
   Compiling tauri-plugin-updater v2.10.1
   Compiling tauri-plugin-shell v2.3.5
   Compiling tauri-plugin-process v2.3.1
   Compiling tauri-plugin-dialog v2.7.1
   Compiling polaris-app v1.7.1 (D:\polaris\polaris-app\src-tauri)
    Checking hyper v1.9.0
    Checking hickory-net v0.26.1
    Checking hyper-util v0.1.20
    Checking hickory-resolver v0.26.1
    Checking iroh-dns v1.0.1
    Checking hyper-rustls v0.27.9
    Checking igd-next v0.17.1
    Checking axum v0.7.9
    Checking reqwest v0.13.3
    Checking portmapper v0.19.1
    Checking iroh v1.0.1
    Checking polaris-sandbox v0.2.2 (D:\polaris\polaris-app\src-tauri\crates\polaris-sandbox)
    Checking chromiumoxide v0.9.1
warning: variable does not need to be mutable
    --> src\fable\retrieve.rs:1394:9
     |
1394 |     let mut push = |s: &str, out: &mut Vec<String>| {
     |         ----^^^^
     |         |
     |         help: remove this `mut`
     |
     = note: `#[warn(unused_mut)]` (part of `#[warn(unused)]`) on by default

warning: variable does not need to be mutable
    --> src\kb.rs:2974:9
     |
2974 |     let mut push = |issues: &mut Vec<KbLintIssue>, kind: &str, path: &str, detail: String| {
     |         ----^^^^
     |         |
     |         help: remove this `mut`

warning: field `bus` is never read
  --> src\collab\hosting.rs:29:5
   |
19 | struct Running {
   |        ------- field in this struct
...
29 |     bus: BusHandle,
   |     ^^^
   |
   = note: `#[warn(dead_code)]` (part of `#[warn(unused)]`) on by default

warning: function `synth_windows_sapi` is never used
   --> src\forge_tts.rs:257:4
    |
257 | fn synth_windows_sapi(_text: &str, out_mp3: &str) -> Result<Value, String> {
    |    ^^^^^^^^^^^^^^^^^^

warning: variable `remoteUrl` should have a snake case name
  --> src\collab\commands.rs:11:29
   |
11 | pub fn collab_clone_partial(remoteUrl: String, dest: String, sparseDirs: Vec<String>) -> Result<(), String> {
   |                             ^^^^^^^^^ help: convert the identifier to snake case: `remote_url`
   |
   = note: `#[warn(non_snake_case)]` (part of `#[warn(nonstandard_style)]`) on by default

warning: variable `sparseDirs` should have a snake case name
  --> src\collab\commands.rs:11:62
   |
11 | pub fn collab_clone_partial(remoteUrl: String, dest: String, sparseDirs: Vec<String>) -> Result<(), String> {
   |                                                              ^^^^^^^^^^ help: convert the identifier to snake case
: `sparse_dirs`

warning: variable `baseUrl` should have a snake case name
  --> src\collab\commands.rs:58:41
   |
58 | pub fn collab_outbox_flush(dir: String, baseUrl: String, token: String) -> Result<workset::FlushReport, String> {
   |                                         ^^^^^^^ help: convert the identifier to snake case: `base_url`

warning: variable `idemKey` should have a snake case name
  --> src\collab\commands.rs:83:45
   |
83 | pub fn collab_outbox_mark_sent(dir: String, idemKey: String) -> Result<(), String> {
   |                                             ^^^^^^^ help: convert the identifier to snake case: `idem_key`

warning: variable `hostNodeId` should have a snake case name
   --> src\collab\commands.rs:100:30
    |
100 | pub fn collab_tunnel_connect(hostNodeId: String, listenPort: u16) -> Result<(), String> {
    |                              ^^^^^^^^^^ help: convert the identifier to snake case: `host_node_id`

warning: variable `listenPort` should have a snake case name
   --> src\collab\commands.rs:100:50
    |
100 | pub fn collab_tunnel_connect(hostNodeId: String, listenPort: u16) -> Result<(), String> {
    |                                                  ^^^^^^^^^^ help: convert the identifier to snake case: `listen_p
ort`

warning: `polaris-app` (lib) generated 10 warnings (run `cargo fix --lib -p polaris-app` to apply 2 suggestions)
    Finished `dev` profile [unoptimized + debuginfo] target(s) in 1m 12s
