   Compiling proc-macro2 v1.0.106
   Compiling bitflags v2.11.1
   Compiling windows-sys v0.61.2
   Compiling serde_core v1.0.228
   Compiling serde v1.0.228
   Compiling getrandom v0.2.17
   Compiling serde_json v1.0.150
   Compiling form_urlencoded v1.2.2
   Compiling uuid v1.23.1
   Compiling httpdate v1.0.3
   Compiling unicase v2.9.0
   Compiling rustversion v1.0.22
   Compiling multer v3.1.0
   Compiling symphonia-core v0.6.0
   Compiling mime_guess v2.0.5
   Compiling rand_core v0.6.4
   Compiling cfb v0.7.3
   Compiling ring v0.17.14
   Compiling http-range-header v0.4.2
   Compiling quote v1.0.45
   Compiling rand_chacha v0.3.1
   Compiling ryu v1.0.23
   Compiling syn v2.0.117
   Compiling string_cache_codegen v0.6.1
   Compiling infer v0.19.0
   Compiling rand v0.8.6
   Compiling spin v0.9.8
   Compiling time v0.3.47
   Compiling rustls-webpki v0.103.13
   Compiling socket2 v0.6.3
   Compiling mio v1.2.0
   Compiling symphonia-metadata v0.6.0
   Compiling symphonia-codec-adpcm v0.6.0
   Compiling symphonia-codec-pcm v0.6.0
   Compiling symphonia-bundle-mp3 v0.6.0
   Compiling winapi-util v0.1.11
   Compiling rustls v0.23.40
   Compiling symphonia-common v0.6.0
   Compiling web_atoms v0.2.4
   Compiling symphonia-codec-alac v0.6.0
   Compiling symphonia-bundle-flac v0.6.0
   Compiling symphonia-codec-aac v0.6.0
   Compiling symphonia-format-ogg v0.6.0
   Compiling symphonia-codec-vorbis v0.6.0
   Compiling symphonia-format-mkv v0.6.0
   Compiling symphonia-format-riff v0.6.0
   Compiling serde_path_to_error v0.1.20
   Compiling synstructure v0.13.2
   Compiling darling_core v0.23.0
   Compiling serde_derive_internals v0.29.1
   Compiling symphonia v0.6.0
   Compiling same-file v1.0.6
   Compiling png v0.18.1
   Compiling openh264 v0.9.3
   Compiling matchit v0.7.3
   Compiling rusqlite v0.32.1
   Compiling zip v8.6.0
   Compiling walkdir v2.5.0
   Compiling windows-sys v0.59.0
   Compiling image v0.25.10
   Compiling zerofrom-derive v0.1.7
   Compiling yoke-derive v0.8.2
   Compiling zerovec-derive v0.11.3
   Compiling displaydoc v0.2.5
   Compiling serde_derive v1.0.228
   Compiling futures-macro v0.3.32
   Compiling thiserror-impl v2.0.18
   Compiling tokio-macros v2.7.0
   Compiling thiserror-impl v1.0.69
   Compiling phf_macros v0.13.1
   Compiling tracing-attributes v0.1.31
   Compiling darling_macro v0.23.0
   Compiling cssparser-macros v0.6.1
   Compiling phf v0.13.1
   Compiling derive_more-impl v2.1.1
   Compiling markup5ever v0.38.0
   Compiling darling v0.23.0
   Compiling serde_with_macros v3.20.0
   Compiling html5ever v0.38.0
   Compiling schemars_derive v0.8.22
   Compiling futures-util v0.3.32
   Compiling tokio v1.52.3
   Compiling thiserror v1.0.69
   Compiling async-trait v0.1.89
   Compiling cssparser v0.36.0
   Compiling tungstenite v0.24.0
   Compiling futures-executor v0.3.32
   Compiling futures v0.3.32
   Compiling hyper v1.9.0
   Compiling tokio-util v0.7.18
   Compiling tokio-tungstenite v0.24.0
   Compiling tracing v0.1.44
   Compiling thiserror v2.0.18
   Compiling tower v0.5.3
   Compiling hyper-util v0.1.20
   Compiling tungstenite v0.28.0
   Compiling zerofrom v0.1.8
   Compiling yoke v0.8.2
   Compiling zerovec v0.11.6
   Compiling zerotrie v0.2.4
   Compiling tinystr v0.8.3
   Compiling potential_utf v0.1.5
   Compiling derive_more v2.1.1
   Compiling icu_locale_core v2.2.0
   Compiling icu_collections v2.2.0
   Compiling selectors v0.36.1
   Compiling jsonptr v0.6.3
   Compiling indexmap v1.9.3
   Compiling icu_provider v2.2.0
   Compiling cargo-platform v0.1.9
   Compiling icu_properties v2.2.0
   Compiling icu_normalizer v2.2.0
   Compiling cargo_metadata v0.19.2
   Compiling dom_query v0.27.0
   Compiling serde_with v3.20.0
   Compiling idna_adapter v1.2.2
   Compiling json-patch v3.0.1
   Compiling plist v1.9.0
   Compiling idna v1.1.0
   Compiling url v2.5.8
   Compiling chromiumoxide_types v0.9.1
   Compiling cargo_toml v0.22.3
   Compiling chromiumoxide_pdl v0.9.1
   Compiling urlpattern v0.3.0
   Compiling schemars v0.8.22
   Compiling tower-http v0.6.11
   Compiling chromiumoxide_cdp v0.9.1
   Compiling serde_urlencoded v0.7.1
   Compiling tauri-utils v2.9.2
   Compiling reqwest v0.13.3
   Compiling async-tungstenite v0.32.1
   Compiling lopdf v0.38.0
   Compiling ureq v2.12.1
   Compiling calamine v0.35.0
   Compiling polaris-core v0.2.2 (D:\polaris\polaris-app\src-tauri\crates\polaris-core)
   Compiling axum-core v0.4.5
   Compiling polaris-forge-codec v0.1.0 (D:\polaris\polaris-app\src-tauri\crates\forge-codec)
warning: unused variable: `cfg`
  --> crates\forge-codec\src\encoder.rs:52:16
   |
52 |     pub fn new(cfg: EncodeConfig) -> Result<Self> {
   |                ^^^ help: if this is intentional, prefix it with an underscore: `_cfg`
   |
   = note: `#[warn(unused_variables)]` (part of `#[warn(unused)]`) on by default

warning: `polaris-forge-codec` (lib) generated 1 warning (run `cargo fix --lib -p polaris-forge-codec` to apply 1 suggestion)
   Compiling pdf-extract v0.10.0
   Compiling axum v0.7.9
   Compiling tauri-build v2.6.2
   Compiling polaris-app v1.2.0 (D:\polaris\polaris-app\src-tauri)
   Compiling chromiumoxide v0.9.1
warning: variable does not need to be mutable
    --> src\kb.rs:2649:9
     |
2649 |     let mut push = |issues: &mut Vec<KbLintIssue>, kind: &str, path: &str, detail: String| {
     |         ----^^^^
     |         |
     |         help: remove this `mut`
     |
     = note: `#[warn(unused_mut)]` (part of `#[warn(unused)]`) on by default

warning: function `synth_windows_sapi` is never used
   --> src\forge_tts.rs:254:4
    |
254 | fn synth_windows_sapi(_text: &str, out_mp3: &str) -> Result<Value, String> {
    |    ^^^^^^^^^^^^^^^^^^
    |
    = note: `#[warn(dead_code)]` (part of `#[warn(unused)]`) on by default

warning: `polaris-app` (lib) generated 2 warnings (run `cargo fix --lib -p polaris-app` to apply 1 suggestion)
   Compiling polaris-cli v1.2.0 (D:\polaris\polaris-app\src-tauri\crates\polaris-cli)
    Finished `release` profile [optimized] target(s) in 5m 04s
