cargo : warning: unused variable: `cfg`
所在位置 行:1 字符: 48
+ ... \src-tauri; cargo check --features server,collab-net --no-default-fea ...
+                 ~~~~~~~~~~~~~~~~~~~~~~~~~~~~~~~~~~~~~~~~~~~~~~~~~~~~~~~~~
    + CategoryInfo          : NotSpecified: (warning: unused variable: `cfg`:String) [], RemoteException
    + FullyQualifiedErrorId : NativeCommandError
 
  --> crates\forge-codec\src\encoder.rs:52:16
   |
52 |     pub fn new(cfg: EncodeConfig) -> Result<Self> {
   |                ^^^ help: if this is intentional, prefix it with an underscore: `_cfg`
   |
   = note: `#[warn(unused_variables)]` (part of `#[warn(unused)]`) on by default

warning: `polaris-forge-codec` (lib) generated 1 warning (run `cargo fix --lib -p polaris-forge-codec` to apply 1 sugge
stion)
warning: variable does not need to be mutable
    --> src\fable\retrieve.rs:1394:9
     |
1394 |     let mut push = |s: &str, out: &mut Vec<String>| {
     |         ----^^^^
     |         |
     |         help: remove this `mut`
     |
     = note: `#[warn(unused_mut)]` (part of `#[warn(unused)]`) on by default

warning: variable does not need to be mutable
    --> src\kb.rs:2974:9
     |
2974 |     let mut push = |issues: &mut Vec<KbLintIssue>, kind: &str, path: &str, detail: String| {
     |         ----^^^^
     |         |
     |         help: remove this `mut`

warning: function `synth_windows_sapi` is never used
   --> src\forge_tts.rs:257:4
    |
257 | fn synth_windows_sapi(_text: &str, out_mp3: &str) -> Result<Value, String> {
    |    ^^^^^^^^^^^^^^^^^^
    |
    = note: `#[warn(dead_code)]` (part of `#[warn(unused)]`) on by default

warning: `polaris-app` (lib) generated 3 warnings (run `cargo fix --lib -p polaris-app` to apply 2 suggestions)
    Finished `dev` profile [unoptimized + debuginfo] target(s) in 0.68s
